session start at 20260518 23:07:41
20260518 23:07:41 init a.txt with-log
20260518 23:08:04 load a.txt
20260518 23:08:32 edit a.txt
20260518 23:08:50 dir-tree
20260518 23:09:06 editor-list tree
20260518 23:10:18 append hello
20260518 23:11:03 show
20260518 23:11:19 replace 2:1 1 H
20260518 23:11:20 show
20260518 23:12:14 append world
20260518 23:12:17 show
20260518 23:12:26 insert 3:1 Hello
20260518 23:12:28 show
20260518 23:12:54 insert 3:1 " "
20260518 23:12:56 show
20260518 23:13:04 delete 3:1 1
20260518 23:13:06 show
20260518 23:13:12 insert 3:5 " "
20260518 23:13:14 show
20260518 23:13:21 delete 3:5 1
20260518 23:13:23 show
20260518 23:13:31 insert 3:6 " "
20260518 23:13:32 show
20260518 23:13:45 show 2:3
20260518 23:13:56 undo
20260518 23:13:58 show
20260518 23:14:05 redo
20260518 23:14:06 show
20260518 23:14:21 log-show a.txt
20260518 23:15:09 editor-list tree
20260518 23:15:36 save
20260518 23:15:43 editor-list
20260518 23:16:11 edit a.txt
20260518 23:16:21 editor-list
20260518 23:16:25 save all
20260518 23:16:28 editor-list
20260518 23:16:34 close a.txt
20260518 23:17:21 load a.txt
20260518 23:40:24 close
